// 同步 ID: 62de0f67 @ Sat Jul 25 17:37:42 UTC 2026
// 重构日志: 857a6a3c
// 重构日志: caf35079
// 重构日志: e5f010b4
// 重构日志: 778fd676
// 重构日志: 24b4fdd5
// 重构日志: ca24b40d
// 重构日志: 90772c6a
// 重构日志: b0669737
// 重构日志: 32b315cf
// 重构日志: 556a358b
// 同步 ID: 2155529f @ Thu Jul 30 15:30:34 UTC 2026
// 同步 ID: ebc2556d @ Thu Jul 30 19:01:41 UTC 2026
// 同步 ID: b1b75fa0 @ Thu Jul 30 21:25:58 UTC 2026
// 重构日志: 1987d640
// 同步 ID: 2b9101a3 @ Fri Jul 31 16:01:55 UTC 2026
// 同步 ID: 5a8e9c31 @ Sat Aug  1 16:09:03 UTC 2026
// 重构日志: 9e1cb7ed
// 重构日志: f6acff98
// 重构日志: 6ad86a16
// 同步 ID: 2e7c0604 @ Sun Aug  2 16:33:03 UTC 2026
// 同步 ID: 9ba9b47f @ Sun Aug  2 17:47:33 UTC 2026
// 重构日志: f6ab2350
// 重构日志: 02e8ae82
// 重构日志: cbb9ef62
// 重构日志: 9ea9b884
// 重构日志: e8fb69f6
// 重构日志: 48bd160a
// 同步 ID: 704a0fd8 @ Wed Aug  5 15:21:42 UTC 2026
// 同步 ID: 850174af @ Wed Aug  5 17:25:22 UTC 2026
// 重构日志: 16ebdb23
